[madiratnam.com/home.html]
[backblue.gif]
[fade.gif]
[index.html]
[madiratnam.com/best1_files/style.css]
[madiratnam.com/best1_files/menu.css]
[madiratnam.com/best1_files/jquery.min.js]
[madiratnam.com/best1_files/modernizr.custom.86080.js]
[madiratnam.com/images/logo_imgnb2.jpg]
[madiratnam.com/images/logo_asmi.jpg]
[madiratnam.com/images/pari.jpg]
[madiratnam.com/3.mp3]
[madiratnam.com/images/gol1.jpg]
[madiratnam.com/img/logo.png]
[madiratnam.com/img/face.png]
[madiratnam.com/img/twr.png]
[madiratnam.com/images/phone_2.png]
[madiratnam.com/index-2.html]
[madiratnam.com/about-us/index.html]
[madiratnam.com/Default.html]
[madiratnam.com/JoinUs.html]
[madiratnam.com/contact-us/index.html]
[madiratnam.com/best1_files/new_arrivals.png]
[madiratnam.com/best1_files/Mamiya_jewellers_Engagement_rings.png]
[madiratnam.com/best1_files/Mamiya_jewellers_Hoop_Earings.png]
[madiratnam.com/best1_files/Mamiya_jewellers_White_Gold.png]
[madiratnam.com/best1_files/Mamiya_Jewellers_Studs.png]
[madiratnam.com/img/90.jpg]
[madiratnam.com/images/logo_imgnb1.jpg]
[madiratnam.com/images/gililogo.jpg]
[madiratnam.com/images/logo_asmib.jpg]
[madiratnam.com/images/sagini.jpg]
[madiratnam.com/images/parib.jpg]
[madiratnam.com/best1_files/fb_icon.png]
[madiratnam.com/best1_files/email_icon.png]
[madiratnam.com/best1_files/site-3.0.75424.0.js]
[madiratnam.com/best1_files/landing-3.0.75424.0.js]
[madiratnam.com/best1_files/jquery.ceebox.js]
[madiratnam.com/home.html]
[madiratnam.com/best1_files/stylesheet.css]
[madiratnam.com/best1_files/images/community.html]
[madiratnam.com/best1_files/images/shared.html]
[madiratnam.com/best1_files/images/product_landing.html]
[madiratnam.com/best1_files/images/logo.html]
[madiratnam.com/slider/a.jpg]
[madiratnam.com/slider/b.jpg]
[madiratnam.com/slider/c.jpg]
[madiratnam.com/slider/d.jpg]
[madiratnam.com/slider/e.jpg]
[madiratnam.com/slider/f.jpg]
[madiratnam.com/slider/g.jpg]
[madiratnam.com/best1_files/style.css]
[madiratnam.com/best1_files/images/loader-snake-eeeeee-b6b6b6.html]
[madiratnam.com/best1_files/images/arrows.html]
[madiratnam.com/best1_files/images/background-topleft.html]
[madiratnam.com/best1_files/images/background-topright.html]
[madiratnam.com/best1_files/images/background-bottomleft.html]
[madiratnam.com/best1_files/images/background-bottomright.html]
[madiratnam.com/best1_files/images/background-bottom.html]
[madiratnam.com/best1_files/images/search.html]
[madiratnam.com/best1_files/images/shared_header.html]
[madiratnam.com/best1_files/images/DeBeers_ADIF_new_196.html]
[madiratnam.com/best1_files/Images/button-bg.html]
[madiratnam.com/best1_files/Images/black50.html]
[madiratnam.com/best1_files/images/shared-2.html]
[madiratnam.com/best1_files/images/brand_overlay-navigation-toggle.html]
[madiratnam.com/best1_files/images/brand_overlay-navigation-toggle-zh.html]
[madiratnam.com/best1_files/images/brand_overlay-navigation-toggle-fr.html]
[madiratnam.com/best1_files/images/brand_overlay-navigation-toggle-ja.html]
[madiratnam.com/best1_files/menu.css]
[madiratnam.com/images/favicon.html]
[madiratnam.com/images/logo_diya.html]
[madiratnam.com/images/dddamas.html]
[madiratnam.com/horse.html]
[madiratnam.com/img/docs.html]
[madiratnam.com/img/bubble.html]
[madiratnam.com/img/arrow.html]
[madiratnam.com/intro_product/a.png]
[madiratnam.com/css1/demo.css]
[madiratnam.com/css1/style.css]
[madiratnam.com/images/logo.png]
[madiratnam.com/intro_product/1.jpg]
[madiratnam.com/intro_product/2.jpg]
[madiratnam.com/intro_product/3.jpg]
[madiratnam.com/intro_product/4.jpg]
[madiratnam.com/intro_product/5.jpg]
[madiratnam.com/intro_product/6.jpg]
[madiratnam.com/index-2.html]
[madiratnam.com/Login.html]
[madiratnam.com/img/146.jpg]
[madiratnam.com/img/col.jpg]
[madiratnam.com/img/col2.jpg]
[madiratnam.com/about-us/index.html]
[madiratnam.com/images/favicon.png]
[madiratnam.com/lib/bootstrap/dist/css/bootstrap.min.css]
[madiratnam.com/lib/components-font-awesome/css/font-awesome.min.css]
[madiratnam.com/lib/animate/animate.min.css]
[madiratnam.com/lib/pace/themes/black/pace-theme-loading-bar.css]
[madiratnam.com/lib/iCheck/skins/all.css]
[madiratnam.com/vendor/icheck/icheck-theme.css]
[madiratnam.com/dist/css/authenticate.min.css]
[madiratnam.com/dist/css/app.min.css]
[madiratnam.com/Images/night.jpg]
[madiratnam.com/WebResource2df8.js]
[madiratnam.com/ScriptResource9224.js]
[madiratnam.com/ScriptResource499c.js]
[madiratnam.com/Default6346.js]
[madiratnam.com/WebResourceec13.js]
[madiratnam.com/PasswordRecovery.html]
[madiratnam.com/Images/logo.jpg]
[madiratnam.com/lib/jquery/dist/jquery.min.js]
[madiratnam.com/lib/bootstrap/dist/js/bootstrap.min.js]
[madiratnam.com/vendor/animate.js]
[madiratnam.com/lib/pace/pace.min.js]
[madiratnam.com/lib/iCheck/icheck.min.js]
[madiratnam.com/dist/js/theme-setting.min.js]
[madiratnam.com/dist/js/components.min.js]
[madiratnam.com/dist/js/scroll-top.min.js]
[madiratnam.com/Default.html]
[madiratnam.com/User/assets/bootstrap/css/bootstrap.min.css]
[madiratnam.com/index.html]
[madiratnam.com/User/assets/css/metro.css]
[madiratnam.com/User/assets/font-awesome/css/font-awesome.css]
[madiratnam.com/User/assets/css/style.css]
[madiratnam.com/User/assets/css/style_responsive.css]
[madiratnam.com/User/assets/css/style_default.css]
[madiratnam.com/User/assets/uniform/css/uniform.default.css]
[madiratnam.com/ajax/jquery-1.10.2.min.js]
[madiratnam.com/ajax/frmvalidation.js]
[madiratnam.com/ajax/jqueryajax.js]
[madiratnam.com/images/Background-Textures-113.jpg]
[madiratnam.com/JoinUs6346.js]
[madiratnam.com/index-3.html]
[madiratnam.com/Images/Home.png]
[madiratnam.com/login-2.html]
[madiratnam.com/Images/login.png]
[madiratnam.com/JoinUs.html]
[madiratnam.com/img/cu.jpg]
[madiratnam.com/img/call.png]
[madiratnam.com/img/d1.jpg]
[madiratnam.com/img/email.png]
[madiratnam.com/contact-us/index.html]
[madiratnam.com/News.html]
[madiratnam.com/h.html]
[madiratnam.com/best1_files/vivaldi.html]
[madiratnam.com/best1_files/stylesheet.css]
[madiratnam.com/fonts/Oregon-LDO-reg.html]
[madiratnam.com/fonts/als-script.regular.html]
[madiratnam.com/fonts/Trebuc-Regular.html]
[madiratnam.com/fonts/vivaldi.html]
[madiratnam.com/fonts/KUNSTLER.html]
[madiratnam.com/images/bg/Mamiya_jewellers_Rings_testimonial.html]
[madiratnam.com/images/search.html]
[madiratnam.com/best1_files/images/community.html]
[madiratnam.com/best1_files/images/shared.html]
[madiratnam.com/best1_files/images/product_landing.html]
[madiratnam.com/best1_files/images/logo.html]
[madiratnam.com/content/images/DeBeers_ADIF_new_196.html]
[madiratnam.com/images/head_border.html]
[madiratnam.com/img/preloader.html]
[madiratnam.com/img/cursors/grab.html]
[madiratnam.com/img/cursors/grab-2.html]
[madiratnam.com/img/cursors/grabbing.html]
[madiratnam.com/img/cursors/grabbing-2.html]
[madiratnam.com/images/left_arrow.html]
[madiratnam.com/images/right_arrow.html]
[madiratnam.com/images/right-arw.html]
[madiratnam.com/images/left-arw.html]
[madiratnam.com/images/portfolio-prev.html]
[madiratnam.com/images/portfolio-next.html]
[madiratnam.com/images/mamiya_white_bg.html]
[madiratnam.com/images/cee-close-btn.html]
[madiratnam.com/images/cee-next-btn.html]
[madiratnam.com/images/cee-prev-btn.html]
[madiratnam.com/images/cee-next-btn-2.html]
[madiratnam.com/images/cee-prev-btn-2.html]
[madiratnam.com/images/loader.html]
[madiratnam.com/fonts/Futura-Bk-BT.html]
[madiratnam.com/fonts/nyala.html]
[madiratnam.com/best1_files/images/loader-snake-eeeeee-b6b6b6.html]
[madiratnam.com/best1_files/images/arrows.html]
[madiratnam.com/best1_files/images/background-topleft.html]
[madiratnam.com/best1_files/images/background-topright.html]
[madiratnam.com/best1_files/images/background-bottomleft.html]
[madiratnam.com/best1_files/images/background-bottomright.html]
[madiratnam.com/best1_files/images/background-bottom.html]
[madiratnam.com/best1_files/images/search.html]
[madiratnam.com/best1_files/images/shared_header.html]
[madiratnam.com/best1_files/images/DeBeers_ADIF_new_196.html]
[madiratnam.com/best1_files/Images/button-bg.html]
[madiratnam.com/best1_files/Images/black50.html]
[madiratnam.com/best1_files/images/shared-2.html]
[madiratnam.com/best1_files/images/brand_overlay-navigation-toggle.html]
[madiratnam.com/best1_files/images/brand_overlay-navigation-toggle-zh.html]
[madiratnam.com/best1_files/images/brand_overlay-navigation-toggle-fr.html]
[madiratnam.com/best1_files/images/brand_overlay-navigation-toggle-ja.html]
[madiratnam.com/intro_product/bg.png]
[madiratnam.com/css1/demo.css]
[madiratnam.com/intro_product/browser.png]
[madiratnam.com/intro_product/arrows.png]
[madiratnam.com/css1/style.css]
[madiratnam.com/js1/modernizr.custom.53451.html]
[madiratnam.com/js1/jquery.min.html]
[madiratnam.com/js1/jquery.gallery.html]
[madiratnam.com/about-us/newsletter_mail.html]
[madiratnam.com/Login6346.js]
[madiratnam.com/Login.html]
[madiratnam.com/images/images/sagini.html]
[madiratnam.com/about-us/News.html]
[madiratnam.com/about-us/h.html]
[madiratnam.com/www.googletagmanager.com/gtm54455445.html]
[madiratnam.com/lib/bootstrap/dist/fonts/glyphicons-halflings-regular.eot]
[madiratnam.com/lib/bootstrap/dist/fonts/glyphicons-halflings-regulard41dd41d.eot]
[madiratnam.com/lib/bootstrap/dist/fonts/glyphicons-halflings-regular.html]
[madiratnam.com/lib/bootstrap/dist/fonts/glyphicons-halflings-regular.woff]
[madiratnam.com/lib/bootstrap/dist/fonts/glyphicons-halflings-regular.ttf]
[madiratnam.com/lib/bootstrap/dist/css/bootstrap.min.css]
[madiratnam.com/lib/components-font-awesome/fonts/fontawesome-webfont3e6e3e6e.eot]
[madiratnam.com/lib/components-font-awesome/fonts/fontawesome-webfontd41dd41d.eot]
[madiratnam.com/lib/components-font-awesome/fonts/fontawesome-webfont3e6e3e6e.html]
[madiratnam.com/lib/components-font-awesome/fonts/fontawesome-webfont3e6e3e6e.woff]
[madiratnam.com/lib/components-font-awesome/fonts/fontawesome-webfont3e6e3e6e.ttf]
[madiratnam.com/lib/components-font-awesome/css/font-awesome.min.css]
[madiratnam.com/lib/animate/animate.min.css]
[madiratnam.com/lib/pace/themes/black/pace-theme-loading-bar.css]
[madiratnam.com/lib/iCheck/skins/minimal/_all.css]
[madiratnam.com/lib/iCheck/skins/square/_all.css]
[madiratnam.com/lib/iCheck/skins/flat/_all.css]
[madiratnam.com/lib/iCheck/skins/line/_all.css]
[madiratnam.com/lib/iCheck/skins/polaris/polaris.css]
[madiratnam.com/lib/iCheck/skins/futurico/futurico.css]
[madiratnam.com/lib/iCheck/skins/all.css]
[madiratnam.com/vendor/icheck/images/theme-icheck.png]
[madiratnam.com/vendor/icheck/images/theme-icheck@2x.png]
[madiratnam.com/vendor/icheck/icheck-theme.css]
[madiratnam.com/dist/fonts/MuseoSans_700.otf]
[madiratnam.com/lib/Split.js/grips/vertical.png]
[madiratnam.com/lib/Split.js/grips/horizontal.png]
[madiratnam.com/images/fixed-width-bg.png]
[madiratnam.com/images/profile/profile-cover.jpg]
[madiratnam.com/images/login_box_bg.png]
[madiratnam.com/dist/css/app.min.css]
[madiratnam.com/images/login_bg.png]
[madiratnam.com/dist/css/authenticate.min.css]
[madiratnam.com/WebResource2df8.js]
[madiratnam.com/ScriptResource9224.js]
[madiratnam.com/ScriptResource499c.js]
[madiratnam.com/Default6346.js]
[madiratnam.com/WebResourceec13.js]
[madiratnam.com/PasswordRecovery.html]
[madiratnam.com/www.google-analytics.com/analytics.html]
[madiratnam.com/css5/bootstrap.css]
[madiratnam.com/css5/bootstrap.min.css]
[madiratnam.com/css5/style.css]
[stackpath.bootstrapcdn.com/font-awesome/4.7.0/css5/font-awesome.min.css]
[madiratnam.com/images/cricle.jpg]
[madiratnam.com/index1.html]
[madiratnam.com/images/cricle-2.jpg]
[madiratnam.com/js/bootstrap.js]
[madiratnam.com/index.html]
[madiratnam.com/User/assets/bootstrap/img/glyphicons-halflings.png]
[madiratnam.com/User/assets/bootstrap/img/glyphicons-halflings-white.png]
[madiratnam.com/User/assets/bootstrap/css/bootstrap.min.css]
[madiratnam.com/User/assets/img/syncfusion-icons.png]
[madiratnam.com/User/assets/img/syncfusion-icons-white.png]
[madiratnam.com/User/assets/css/metro.css]
[madiratnam.com/User/assets/font-awesome/font/fontawesome-webfont.eot]
[madiratnam.com/User/assets/font-awesome/font/fontawesome-webfontd41dd41d.eot]
[madiratnam.com/User/assets/font-awesome/font/fontawesome-webfont.woff]
[madiratnam.com/User/assets/font-awesome/font/fontawesome-webfont.ttf]
[madiratnam.com/User/assets/font-awesome/css/font-awesome.css]
[madiratnam.com/User/assets/img/remove-icon-small.png]
[madiratnam.com/User/assets/img/sidebar-menu-arrow.png]
[madiratnam.com/User/assets/img/search-icon.png]
[madiratnam.com/User/assets/img/portlet-remove-icon.png]
[madiratnam.com/User/assets/img/portlet-config-icon.png]
[madiratnam.com/User/assets/img/portlet-reload-icon.png]
[madiratnam.com/User/assets/img/portlet-expand-icon.png]
[madiratnam.com/User/assets/img/portlet-collapse-icon.png]
[madiratnam.com/User/assets/img/portlet-remove-icon-white.png]
[madiratnam.com/User/assets/img/portlet-config-icon-white.png]
[madiratnam.com/User/assets/img/portlet-reload-icon-white.png]
[madiratnam.com/User/assets/img/portlet-expand-icon-white.png]
[madiratnam.com/User/assets/img/portlet-collapse-icon-white.png]
[madiratnam.com/User/assets/img/overlay-icon.png]
[madiratnam.com/User/assets/img/icon-color.png]
[madiratnam.com/User/assets/img/icon-color-close.png]
[madiratnam.com/User/assets/img/icon-img-up.png]
[madiratnam.com/User/assets/img/icon-img-down.png]
[madiratnam.com/User/assets/css/style.css]
[madiratnam.com/User/assets/css/style_responsive.css]
[madiratnam.com/User/assets/img/sidebar-toggler.jpg]
[madiratnam.com/User/assets/img/sidebar-search-close.png]
[madiratnam.com/User/assets/css/style_default.css]
[madiratnam.com/User/assets/uniform/images/sprite.png]
[madiratnam.com/User/assets/uniform/images/bg-input-focus.png]
[madiratnam.com/User/assets/uniform/images/bg-input.png]
[madiratnam.com/User/assets/uniform/css/uniform.default.css]
[madiratnam.com/favicon.html]
[madiratnam.com/JoinUs6346.js]
[madiratnam.com/index-3.html]
[madiratnam.com/login6346-2.js]
[madiratnam.com/login-2.html]
[madiratnam.com/contact-us/newsletter_mail.html]
[madiratnam.com/contact-us/News.html]
[madiratnam.com/contact-us/h.html]
[madiratnam.com/best1_files/vivaldi.html]
[madiratnam.com/Login6346.js]
[madiratnam.com/gold/Gallery.html]
[madiratnam.com/diamond/dimond.html]
[madiratnam.com/lib/bootstrap/dist/fonts/glyphicons-halflings-regular.html]
[madiratnam.com/lib/bootstrap/dist/fonts/glyphicons-halflings-regular.svg]
[madiratnam.com/lib/components-font-awesome/fonts/fontawesome-webfont3e6e3e6e.html]
[madiratnam.com/lib/components-font-awesome/fonts/fontawesome-webfont3e6e3e6e.svg]
[madiratnam.com/lib/iCheck/skins/minimal/minimal.png]
[madiratnam.com/lib/iCheck/skins/minimal/minimal@2x.png]
[madiratnam.com/lib/iCheck/skins/minimal/red.png]
[madiratnam.com/lib/iCheck/skins/minimal/red@2x.png]
[madiratnam.com/lib/iCheck/skins/minimal/green.png]
[madiratnam.com/lib/iCheck/skins/minimal/green@2x.png]
[madiratnam.com/lib/iCheck/skins/minimal/blue.png]
[madiratnam.com/lib/iCheck/skins/minimal/blue@2x.png]
[madiratnam.com/lib/iCheck/skins/minimal/aero.png]
[madiratnam.com/lib/iCheck/skins/minimal/aero@2x.png]
[madiratnam.com/lib/iCheck/skins/minimal/grey.png]
[madiratnam.com/lib/iCheck/skins/minimal/grey@2x.png]
[madiratnam.com/lib/iCheck/skins/minimal/orange.png]
[madiratnam.com/lib/iCheck/skins/minimal/orange@2x.png]
[madiratnam.com/lib/iCheck/skins/minimal/yellow.png]
[madiratnam.com/lib/iCheck/skins/minimal/yellow@2x.png]
[madiratnam.com/lib/iCheck/skins/minimal/pink.png]
[madiratnam.com/lib/iCheck/skins/minimal/pink@2x.png]
[madiratnam.com/lib/iCheck/skins/minimal/purple.png]
[madiratnam.com/lib/iCheck/skins/minimal/purple@2x.png]
[madiratnam.com/lib/iCheck/skins/minimal/_all.css]
[madiratnam.com/lib/iCheck/skins/square/square.png]
[madiratnam.com/lib/iCheck/skins/square/square@2x.png]
[madiratnam.com/lib/iCheck/skins/square/red.png]
[madiratnam.com/lib/iCheck/skins/square/red@2x.png]
[madiratnam.com/lib/iCheck/skins/square/green.png]
[madiratnam.com/lib/iCheck/skins/square/green@2x.png]
[madiratnam.com/lib/iCheck/skins/square/blue.png]
[madiratnam.com/lib/iCheck/skins/square/blue@2x.png]
[madiratnam.com/lib/iCheck/skins/square/aero.png]
[madiratnam.com/lib/iCheck/skins/square/aero@2x.png]
[madiratnam.com/lib/iCheck/skins/square/grey.png]
[madiratnam.com/lib/iCheck/skins/square/grey@2x.png]
[madiratnam.com/lib/iCheck/skins/square/orange.png]
[madiratnam.com/lib/iCheck/skins/square/orange@2x.png]
[madiratnam.com/lib/iCheck/skins/square/yellow.png]
[madiratnam.com/lib/iCheck/skins/square/yellow@2x.png]
[madiratnam.com/lib/iCheck/skins/square/pink.png]
[madiratnam.com/lib/iCheck/skins/square/pink@2x.png]
[madiratnam.com/lib/iCheck/skins/square/purple.png]
[madiratnam.com/lib/iCheck/skins/square/purple@2x.png]
[madiratnam.com/lib/iCheck/skins/square/_all.css]
[madiratnam.com/lib/iCheck/skins/flat/flat.png]
[madiratnam.com/lib/iCheck/skins/flat/flat@2x.png]
[madiratnam.com/lib/iCheck/skins/flat/red.png]
[madiratnam.com/lib/iCheck/skins/flat/red@2x.png]
[madiratnam.com/lib/iCheck/skins/flat/green.png]
[madiratnam.com/lib/iCheck/skins/flat/green@2x.png]
[madiratnam.com/lib/iCheck/skins/flat/blue.png]
[madiratnam.com/lib/iCheck/skins/flat/blue@2x.png]
[madiratnam.com/lib/iCheck/skins/flat/aero.png]
[madiratnam.com/lib/iCheck/skins/flat/aero@2x.png]
[madiratnam.com/lib/iCheck/skins/flat/grey.png]
[madiratnam.com/lib/iCheck/skins/flat/grey@2x.png]
[madiratnam.com/lib/iCheck/skins/flat/orange.png]
[madiratnam.com/lib/iCheck/skins/flat/orange@2x.png]
[madiratnam.com/lib/iCheck/skins/flat/yellow.png]
[madiratnam.com/lib/iCheck/skins/flat/yellow@2x.png]
[madiratnam.com/lib/iCheck/skins/flat/pink.png]
[madiratnam.com/lib/iCheck/skins/flat/pink@2x.png]
[madiratnam.com/lib/iCheck/skins/flat/purple.png]
[madiratnam.com/lib/iCheck/skins/flat/purple@2x.png]
[madiratnam.com/lib/iCheck/skins/flat/_all.css]
[madiratnam.com/lib/iCheck/skins/line/line.png]
[madiratnam.com/lib/iCheck/skins/line/line@2x.png]
[madiratnam.com/lib/iCheck/skins/line/_all.css]
[madiratnam.com/lib/iCheck/skins/polaris/polaris.png]
[madiratnam.com/lib/iCheck/skins/polaris/polaris@2x.png]
[madiratnam.com/lib/iCheck/skins/polaris/polaris.css]
[madiratnam.com/lib/iCheck/skins/futurico/futurico.png]
[madiratnam.com/lib/iCheck/skins/futurico/futurico@2x.png]
[madiratnam.com/lib/iCheck/skins/futurico/futurico.css]
[madiratnam.com/POST.html]
[madiratnam.com/Firefox/index.html]
[madiratnam.com/AppleWebKit/index.html]
[madiratnam.com/Opera/index.html]
[madiratnam.com/MicrosoftAjaxWebForms.html]
[madiratnam.com/MicrosoftAjaxSerialization.html]
[madiratnam.com/MicrosoftAjaxNetwork.html]
[madiratnam.com/css5/popuo-box.html]
[madiratnam.com/css5/bootstrap.css]
[madiratnam.com/fonts/glyphicons-halflings-regular.eot]
[madiratnam.com/fonts/glyphicons-halflings-regulard41d.eot]
[madiratnam.com/fonts/glyphicons-halflings-regular.woff2]
[madiratnam.com/fonts/glyphicons-halflings-regular.woff]
[madiratnam.com/fonts/glyphicons-halflings-regular.ttf]
[madiratnam.com/css5/bootstrap.min.css]
[madiratnam.com/images/banner-1.jpg]
[madiratnam.com/css5/style.css]
[stackpath.bootstrapcdn.com/font-awesome/4.7.0/css5/font-awesome.min.css]
[madiratnam.com/index1.html]
[madiratnam.com/js/jquery-2.1.4.min.html]
[madiratnam.com/js/responsiveslides.min.html]
[madiratnam.com/js/SmoothScroll.min.html]
[madiratnam.com/js/move-top.html]
[madiratnam.com/js/easing.html]
[madiratnam.com/User/assets/assets/css1/CoconLight/CoconLight.html]
[madiratnam.com/User/assets/assets/css1/CoconLight/CoconLight-2.html]
[madiratnam.com/User/assets/assets/css1/CoconLight/CoconLight-3.html]
[madiratnam.com/User/assets/assets/css1/CoconLight/CoconLight-4.html]
[madiratnam.com/login6346-2.js]
[madiratnam.com/fonts/glyphicons-halflings-regular.svg]
[madiratnam.com/images/left11.html]
[madiratnam.com/images/right11.html]
[madiratnam.com/images/dott.html]
[madiratnam.com/images/1.html]
[madiratnam.com/images/6.html]
[madiratnam.com/images/5.html]
[madiratnam.com/images/7.html]
[madiratnam.com/images/bann2.html]
[madiratnam.com/images/stats.html]
[madiratnam.com/images/arr.html]
